// Vitest Snapshot v1, https://vitest.dev/guide/snapshot.html

exports[`LoadingIndicator Component > should render 1`] = `
<div>
  <div
    class="pointer-events-none flex items-center justify-center"
  >
    <svg
      aria-label="loading"
      class="text-current inline-block h-6 w-6 animate-spin"
      fill="transparent"
      focusable="false"
      height="24"
      role="status"
      viewBox="0 0 24 24"
      width="24"
      xmlns="http://www.w3.org/2000/svg"
    >
      <span
        class="sr-only"
      >
        Loading...
      </span>
      <path
        d="M12 2V6M12 18V22M6 12H2M22 12H18M19.0784 19.0784L16.25 16.25M19.0784 4.99994L16.25 7.82837M4.92157 19.0784L7.75 16.25M4.92157 4.99994L7.75 7.82837"
        stroke="currentColor"
        stroke-linecap="round"
        stroke-linejoin="round"
        stroke-width="1.5"
      />
    </svg>
  </div>
</div>
`;
