// Vitest Snapshot v1, https://vitest.dev/guide/snapshot.html

exports[`primary button > should match snapshot 1`] = `
<div>
  <button
    class="rounded bg-blue-500 text-white px-4 py-3"
  >
    Primary
  </button>
</div>
`;
